[www.world-of-swiss.com/en.html]
[backblue.gif]
[fade.gif]
[index.html]
[cdn.world-of-swiss.com/bundles/swisssite/img/favicons/apple-touch-icon-152x152-precomposedf169.png]
[cdn.world-of-swiss.com/bundles/swisssite/img/favicons/apple-touch-icon-120x120-precomposedf169.png]
[cdn.world-of-swiss.com/bundles/swisssite/img/favicons/apple-touch-icon-76x76-precomposedf169.png]
[cdn.world-of-swiss.com/bundles/swisssite/img/favicons/apple-touch-icon-57x57-precomposedf169.png]
[cdn.world-of-swiss.com/bundles/swisssite/img/favicons/msapplication-square310x310logof169.png]
[cdn.world-of-swiss.com/bundles/swisssite/img/favicons/msapplication-square310x150logof169.png]
[cdn.world-of-swiss.com/bundles/swisssite/img/favicons/msapplication-square150x150logof169.png]
[cdn.world-of-swiss.com/bundles/swisssite/img/favicons/msapplication-square70x70logof169.png]
[www.world-of-swiss.com/assets/metaimage/b308282e338fdf14338e641ad65c3a78de761f22f169.png]
[www.world-of-swiss.com/en/page/no-javascript.html]
[cdn.world-of-swiss.com/bundles/swisssite/css/styleallf169.css]
[cdn.world-of-swiss.com/bundles/swisssite/js/vendor/modernizr.customf169.js]
[www.world-of-swiss.com/de.html]
[www.world-of-swiss.com/fr.html]
[www.world-of-swiss.com/it.html]
[www.world-of-swiss.com/es.html]
[www.world-of-swiss.com/pt.html]
[www.world-of-swiss.com/ru.html]
[www.world-of-swiss.com/ja.html]
[www.world-of-swiss.com/zh.html]
[www.world-of-swiss.com/en/page/imprint.html]
[cdn.world-of-swiss.com/bundles/swisssite/img/bgimg2/clouds-farf169.png]
[cdn.world-of-swiss.com/bundles/swisssite/img/bgimg2/clouds-midf169.png]
[cdn.world-of-swiss.com/bundles/swisssite/img/bgimg2/clouds-nearf169.png]
[cdn.world-of-swiss.com/bundles/swisssite/img/bgimg2/alpsf169.png]
[cdn.world-of-swiss.com/bundles/swisssite/img/bgimg2/matterhornf169.png]
[cdn.world-of-swiss.com/bundles/swisssite/img/bgimg2/clouds-levelf169.png]
[cdn.world-of-swiss.com/assets/image/c0dfbc713e64ac7d0f4e935f5e8e5c81f20d9a10f169.png]
[cdn.world-of-swiss.com/assets/image/04f0e948c95eb6f805774f58db1331ba1b935d46f169.png]
[www.world-of-swiss.com/en/swiss-cockpit.html]
[cdn.world-of-swiss.com/assets/image/65607dd0e06b25e1d6645f524dd2795bb4c3df80f169.png]
[www.world-of-swiss.com/en/swiss-lounges.html]
[cdn.world-of-swiss.com/assets/image/60b24ea9151b5b12eb50e632a80cabe37aeafb60f169.png]
[www.world-of-swiss.com/en/swiss-taste-of-switzerland.html]
[cdn.world-of-swiss.com/assets/image/e08c433984b71e6706e2ad8cdd40f807f4f44570f169.png]
[www.world-of-swiss.com/en/swiss-cabin-crew.html]
[cdn.world-of-swiss.com/assets/image/a4b8f3822ade92721fc01bee7d6fd185077bde86f169.png]
[cdn.world-of-swiss.com/assets/image/6ca7a9256d6d9a8ce9cfbab7e6ca3584c95e217af169.png]
[www.world-of-swiss.com/en/swiss-traditions.html]
[cdn.world-of-swiss.com/assets/image/d1180ccad67accb73163988df819265314471df1f169.png]
[www.world-of-swiss.com/en/swissness-on-board.html]
[cdn.world-of-swiss.com/assets/image/55c8c7f3cb35fdf39ed14d1b760ba6711e5e047ef169.png]
[www.world-of-swiss.com/en/swiss-business-seat.html]
[cdn.world-of-swiss.com/assets/image/1c3599b982516faba9039e696b4733d67c2fb96af169.png]
[www.world-of-swiss.com/en/swiss-over-the-alps.html]
[cdn.world-of-swiss.com/assets/image/31c3eeea4b3884501949c34fe9dc90c4394e2c7df169.png]
[www.world-of-swiss.com/en/the-swiss-cabins.html]
[cdn.world-of-swiss.com/assets/image/f3b891639e771539981abdb0e5914c6a9f729a18f169.png]
[www.world-of-swiss.com/en/airbus-a340-300.html]
[cdn.world-of-swiss.com/assets/image/629f66e5f24ed2c3b64cb2d4b46ffb6274514e4bf169.png]
[www.world-of-swiss.com/en/airbus-a330-300.html]
[cdn.world-of-swiss.com/assets/image/42554f6864aea224ca96acc401b952abd4700e3ff169.png]
[www.world-of-swiss.com/en/airbus-a321-111.html]
[cdn.world-of-swiss.com/assets/image/ac15471fc45347155d579d31242c5fb5f3ce2ef6f169.png]
[www.world-of-swiss.com/en/airbus-a320-214.html]
[www.world-of-swiss.com/en/airbus-a319-112.html]
[cdn.world-of-swiss.com/assets/image/710e8aa0aa5e48f3951d06ecc1b2b71ff909fd91f169.png]
[www.world-of-swiss.com/en/avro-rj100.html]
[cdn.world-of-swiss.com/bundles/swisssite/img/routenetwork/map-zoom-worldf169.jpg]
[cdn.world-of-swiss.com/bundles/swisssite/img/routenetwork/map-zoom-europef169.jpg]
[cdn.world-of-swiss.com/bundles/swisssite/img/routenetwork/map-zoom-switzerlandf169.jpg]
[cdn.world-of-swiss.com/bundles/swisssite/img/logo-swiss2xf169.png]
[www.world-of-swiss.com/[%= img %].45.delayed]
[www.world-of-swiss.com/[%= item.url %]]
[cdn.world-of-swiss.com/bundles/swisssite/img/world3d/cloud-2f169.png]
[cdn.world-of-swiss.com/bundles/swisssite/img/world3d/cloud-4f169.png]
[cdn.world-of-swiss.com/bundles/swisssite/img/world3d/cloud-5f169.png]
[cdn.world-of-swiss.com/bundles/swisssite/img/world3d/cloud-7f169.png]
[cdn.world-of-swiss.com/bundles/swisssite/img/world3d/cloud-8f169.png]
[www.google-analytics.com/analytics.js]
[www.world-of-swiss.com/en.html]
[cdn.world-of-swiss.com/bundles/swisssite/js/vendor/requiref169.js]
[www.world-of-swiss.com/index.html]
[www.world-of-swiss.com/bundles/swisssite/img/favicons/share-600x600f169.png]
[cdn.world-of-swiss.com/bundles/swisssite/script/webtrends.minf169.js]
[www.world-of-swiss.com/de/page/no-javascript.html]
[www.world-of-swiss.com/fr/page/no-javascript.html]
[www.world-of-swiss.com/it/page/no-javascript.html]
[www.world-of-swiss.com/es/page/no-javascript.html]
[www.world-of-swiss.com/pt/page/no-javascript.html]
[www.world-of-swiss.com/ru/page/no-javascript.html]
[www.world-of-swiss.com/ja/page/no-javascript.html]
[www.world-of-swiss.com/zh/page/no-javascript.html]
[cdn.world-of-swiss.com/bundles/swisssite/img/airplane-bg-descriptionf169.jpg]
[www.world-of-swiss.com/en/page/no-javascript.html]
[cdn.world-of-swiss.com/bundles/swisssite/img/icons-s744444853f.png]
[cdn.world-of-swiss.com/bundles/swisssite/img/icons2x-sbc375ade52.png]
[cdn.world-of-swiss.com/bundles/swisssite/img/world3d/loader-redc0ba.png]
[cdn.world-of-swiss.com/bundles/swisssite/img/world3d/loader-red2xc0ba.png]
[cdn.world-of-swiss.com/bundles/swisssite/img/world3d/round-mask.png]
[cdn.world-of-swiss.com/bundles/swisssite/img/spacer.png]
[cdn.world-of-swiss.com/bundles/swisssite/img/world3d/loader-button-browne4a8.png]
[cdn.world-of-swiss.com/bundles/swisssite/img/world3d/loader-button-brown2xe4a8.png]
[cdn.world-of-swiss.com/bundles/swisssite/img/world3d/loader-brownc0ba.png]
[cdn.world-of-swiss.com/bundles/swisssite/img/world3d/loader-brown2xc0ba.png]
[cdn.world-of-swiss.com/bundles/swisssite/img/vignetting-tl.png]
[cdn.world-of-swiss.com/bundles/swisssite/img/vignetting-tr.png]
[cdn.world-of-swiss.com/bundles/swisssite/img/vignetting-br.png]
[cdn.world-of-swiss.com/bundles/swisssite/img/side-shadow.png]
[cdn.world-of-swiss.com/bundles/swisssite/css/styleallf169.css]
[www.world-of-swiss.com/de/page/imprint.html]
[www.world-of-swiss.com/de/swiss-cockpit.html]
[www.world-of-swiss.com/de/swiss-lounges.html]
[www.world-of-swiss.com/de/swiss-taste-of-switzerland.html]
[www.world-of-swiss.com/de/swiss-cabin-crew.html]
[www.world-of-swiss.com/de/swiss-chocolate.html]
[www.world-of-swiss.com/de/swiss-traditions.html]
[www.world-of-swiss.com/de/swissness-an-bord.html]
[www.world-of-swiss.com/de/swiss-business-seat.html]
[www.world-of-swiss.com/de/swiss-uber-den-alpen.html]
[www.world-of-swiss.com/de/die-kabine-der-swiss.html]
[www.world-of-swiss.com/de/airbus-a340-300.html]
[www.world-of-swiss.com/de/airbus-a321-111.html]
[www.world-of-swiss.com/de/airbus-a320-214.html]
[www.world-of-swiss.com/de/airbus-a319-112.html]
[www.world-of-swiss.com/de/avro-rj100.html]
[www.world-of-swiss.com/de.html]
[www.world-of-swiss.com/fr/page/imprint.html]
[www.world-of-swiss.com/fr/swiss-cockpit.html]
[www.world-of-swiss.com/fr/salons-swiss.html]
[www.world-of-swiss.com/fr/swiss-taste-of-switzerland.html]
[www.world-of-swiss.com/fr/swiss-cabin-crew.html]
[www.world-of-swiss.com/fr/chocolat-suisse.html]
[www.world-of-swiss.com/fr/traditions-swiss.html]
[www.world-of-swiss.com/fr/suissitude-a-bord.html]
[www.world-of-swiss.com/fr/siege-swiss-business.html]
[www.world-of-swiss.com/fr/swiss-au-dessus-des-alpes.html]
[www.world-of-swiss.com/fr/la-cabine-de-swiss.html]
[www.world-of-swiss.com/fr/airbus-a340-300.html]
[www.world-of-swiss.com/fr/airbus-a330-300.html]
[www.world-of-swiss.com/fr/airbus-a321-111.html]
[www.world-of-swiss.com/fr/airbus-a320-214.html]
[www.world-of-swiss.com/fr/avro-rj100.html]
[www.world-of-swiss.com/fr.html]
[www.world-of-swiss.com/it/page/imprint.html]
[www.world-of-swiss.com/it/cabina-di-pilotaggio-swiss.html]
[www.world-of-swiss.com/it/swiss-lounge.html]
[www.world-of-swiss.com/it/swiss-taste-of-switzerland.html]
[www.world-of-swiss.com/it/swiss-cabin-crew.html]
[www.world-of-swiss.com/it/cioccolata-swiss.html]
[www.world-of-swiss.com/it/swiss-traditions.html]
[www.world-of-swiss.com/it/swissness-on-board.html]
[www.world-of-swiss.com/it/swiss-business-seat.html]
[www.world-of-swiss.com/it/oltre-le-alpi-con-swiss.html]
[www.world-of-swiss.com/it/la-cabina-swiss.html]
[www.world-of-swiss.com/it/airbus-a340-300.html]
[www.world-of-swiss.com/it/airbus-a330-300.html]
[www.world-of-swiss.com/it/airbus-a321-111.html]
[www.world-of-swiss.com/it/airbus-a320-214.html]
[www.world-of-swiss.com/it/airbus-a319-112.html]
[www.world-of-swiss.com/it/avro-rj100.html]
[www.world-of-swiss.com/it.html]
[www.world-of-swiss.com/es/page/imprint.html]
[www.world-of-swiss.com/es/cabina-de-swiss.html]
[www.world-of-swiss.com/es/salas-vip-de-swiss.html]
[www.world-of-swiss.com/es/tripulacion-de-cabina-de-swiss.html]
[www.world-of-swiss.com/es/swiss-chocolate.html]
[www.world-of-swiss.com/es/tradiciones-swiss.html]
[www.world-of-swiss.com/es/helvetismo-a-bordo.html]
[www.world-of-swiss.com/es/swiss-business-seat.html]
[www.world-of-swiss.com/es/swiss-sobre-los-alpes.html]
[www.world-of-swiss.com/es/la-cabina-de-swiss.html]
[www.world-of-swiss.com/es/airbus-a340-300.html]
[www.world-of-swiss.com/es/airbus-a330-300.html]
[www.world-of-swiss.com/es/airbus-a321-111.html]
[www.world-of-swiss.com/es/airbus-a320-214.html]
[www.world-of-swiss.com/es/airbus-a319-112.html]
[www.world-of-swiss.com/es/avro-rj100.html]
[www.world-of-swiss.com/es.html]
[www.world-of-swiss.com/pt/page/imprint.html]
[www.world-of-swiss.com/pt/cockpit-da-swiss.html]
[www.world-of-swiss.com/pt/lounges-da-swiss.html]
[www.world-of-swiss.com/pt/tripulacao-de-cabine-da-swiss.html]
[www.world-of-swiss.com/pt/chocolate-swiss.html]
[www.world-of-swiss.com/pt/tradicoes-swiss.html]
[www.world-of-swiss.com/pt/carater-suico-a-bordo.html]
[www.world-of-swiss.com/pt/assento-swiss-business.html]
[www.world-of-swiss.com/pt/swiss-sobre-os-alpes.html]
[www.world-of-swiss.com/pt/a-cabine-da-swiss.html]
[www.world-of-swiss.com/pt/airbus-a340-300.html]
[www.world-of-swiss.com/pt/airbus-a330-300.html]
[www.world-of-swiss.com/pt/airbus-a321-111.html]
[www.world-of-swiss.com/pt/airbus-a320-214.html]
[www.world-of-swiss.com/pt/airbus-a319-112.html]
[www.world-of-swiss.com/pt/avro-rj100.html]
[www.world-of-swiss.com/pt.html]
[www.world-of-swiss.com/ru/page/imprint.html]
[www.world-of-swiss.com/ru/v-kabine-pilotov-swiss.html]
[www.world-of-swiss.com/ru/zaly-ozhidaniya-swiss.html]
[www.world-of-swiss.com/ru/koncepciya-swiss-taste-of-switzerland.html]
[www.world-of-swiss.com/ru/ekipazh-swiss.html]
[www.world-of-swiss.com/ru/shokolad-swiss.html]
[www.world-of-swiss.com/ru/tradicii-swiss.html]
[www.world-of-swiss.com/ru/istinnaya-shveycarii-na-bortu-samoleta.html]
[www.world-of-swiss.com/ru/sidene-biznes-klassa-swiss.html]
[www.world-of-swiss.com/ru/swiss-nad-alpami.html]
[www.world-of-swiss.com/ru/kabina-pilotov-swiss.html]
[www.world-of-swiss.com/ru/airbus-a340-300.html]
[www.world-of-swiss.com/ru/airbus-a330-300.html]
[www.world-of-swiss.com/ru/airbus-a321-111.html]
[www.world-of-swiss.com/ru/airbus-a320-214.html]
[www.world-of-swiss.com/ru/airbus-a319-112.html]
[www.world-of-swiss.com/ru/avro-rj100.html]
[www.world-of-swiss.com/ru.html]
[www.world-of-swiss.com/ja/page/imprint.html]
[www.world-of-swiss.com/ja/swiss-kotukupituto.html]
[www.world-of-swiss.com/ja/swissraunzi.html]
[www.world-of-swiss.com/ja/swiss-ke-shi-cheng-wu-yuan.html]
[www.world-of-swiss.com/ja/swisstiyokoreto.html]
[www.world-of-swiss.com/ja/swissnochuan-tong.html]
[www.world-of-swiss.com/ja/ji-nei-nosuisurasisa.html]
[www.world-of-swiss.com/ja/swiss-bizinesusito.html]
[www.world-of-swiss.com/ja/arupusunoshang-noswiss.html]
[www.world-of-swiss.com/ja/swissnoke-shi.html]
[www.world-of-swiss.com/ja/eabasu-a340-300.html]
[www.world-of-swiss.com/ja/eabasu-a330-300.html]
[www.world-of-swiss.com/ja/eabasu-a321-111.html]
[www.world-of-swiss.com/ja/eabasua320-214.html]
[www.world-of-swiss.com/ja/eabasu-a319-112.html]
[www.world-of-swiss.com/ja/aburo-rj100.html]
[www.world-of-swiss.com/ja.html]
[www.world-of-swiss.com/zh/page/imprint.html]
[www.world-of-swiss.com/zh/rui-hang-jia-shi-cang.html]
[www.world-of-swiss.com/zh/rui-hang-hou-ji-shi.html]
[www.world-of-swiss.com/zh/rui-hang-kong-cheng.html]
[www.world-of-swiss.com/zh/rui-shi-qiao-ke-li.html]
[www.world-of-swiss.com/zh/rui-hang-chuan-tong.html]
[www.world-of-swiss.com/zh/ji-cang-zhong-de-rui-hang-te-se.html]
[www.world-of-swiss.com/zh/rui-hang-shang-wu-zuo-yi.html]
[www.world-of-swiss.com/zh/rui-hang-fei-yue-a-er-bei-si-shan.html]
[www.world-of-swiss.com/zh/rui-hang-ke-cang.html]
[www.world-of-swiss.com/zh/kong-ke-a340-300.html]
[www.world-of-swiss.com/zh/kong-ke-a330-300.html]
[www.world-of-swiss.com/zh/kong-ke-a321-111.html]
[www.world-of-swiss.com/zh/kong-ke-a320-214.html]
[www.world-of-swiss.com/zh/kong-ke-a319-112.html]
[www.world-of-swiss.com/zh/avro-rj100.html]
[www.world-of-swiss.com/zh.html]
[www.world-of-swiss.com/en/page/imprint.html]
[cdn.world-of-swiss.com/bundles/swisssite/img/fwa_sotd_brf169.png]
[cdn.world-of-swiss.com/assets/image/d99a10bd6d2284784834c6ec8c73b3365bf3e9f4f169.png]
[cdn.world-of-swiss.com/bundles/swisssite/img/bgimg2/clouds-horizonf169.png]
[cdn.world-of-swiss.com/assets/image/f2c9f9e6415d7a55a233c7ab5e060118f9eb87d5f169.png]
[www.world-of-swiss.com/assets/metaimage/0bfa9877a15881b66b8bb6616a135fb0fd2e474ef169.jpg]
[www.world-of-swiss.com/assets/metaimage/c8038c577afe5fa1a85daa8f5501dc7b2947c98ff169.jpg]
[www.world-of-swiss.com/assets/metaimage/cfd329998bbbe2b1fee2ad06d2b644d0ac8dea1af169.jpg]
[cdn.world-of-swiss.com/assets/poster/002ebfe43eff240ce741d1e72747a1c1fb3e9381f169.jpg]
[cdn.world-of-swiss.com/assets/image/1c3b32014305e3aeb441fedab82a809277e626f4f169.jpg]
[cdn.world-of-swiss.com/assets/image/d8c5c422b1e71a522ed2d6f8738c34f692e0b1d5f169.jpg]
[cdn.world-of-swiss.com/assets/image/1c692eef18b827a8b83e02c8eb7b7126a574329ff169.jpg]
[www.world-of-swiss.com/en/swiss-cockpit.html]
[www.world-of-swiss.com/assets/metaimage/59691a02ce8f54521fb2ff3470e9e37c6771b385f169.jpg]
[www.world-of-swiss.com/assets/metaimage/eacbc828841927c1f357d37e1b43c85701bdbc95f169.jpg]
[www.world-of-swiss.com/assets/metaimage/c350dc34e895bc503bbbecaf0c4c57e1f906f76df169.jpg]
[cdn.world-of-swiss.com/assets/image/b5ad1ce480f53804cce6777930437cf4536375e9f169.jpg]
[cdn.world-of-swiss.com/assets/image/9ff546861cc60f557be94d958a98f548ecefa2ccf169.jpg]
[cdn.world-of-swiss.com/assets/image/e12b2edafc5ed8f75890a45cb19dcb0bdf632e81f169.jpg]
[cdn.world-of-swiss.com/assets/image/eb49df319e77c5843d6008b2b085a4aa0ede766ff169.jpg]
[cdn.world-of-swiss.com/assets/image/2d6459cd5e2d67c2d296068b6f87f200987ba09cf169.jpg]
[www.world-of-swiss.com/en/swiss-lounges.html]
[www.world-of-swiss.com/assets/metaimage/611c86ec6ca6c147c214ba24a02adee15820fe7bf169.jpg]
[www.world-of-swiss.com/assets/metaimage/316dd6d978e909d2454327f7e856225fa7296655f169.jpg]
[www.world-of-swiss.com/assets/metaimage/4e864b6d8e6b231b0ccf8ed0ed6c4dff4bf74747f169.jpg]
[cdn.world-of-swiss.com/assets/poster/09103a0cdd88026838adbb921b0b7ee832ed4aaaf169.jpg]
[www.world-of-swiss.com/en/swiss-taste-of-switzerland.html]
[www.world-of-swiss.com/assets/metaimage/3d4b944a4aa37f755b905be1ce34fa3f3ceb8e72f169.jpg]
[www.world-of-swiss.com/assets/metaimage/72a4a13c7420e4140c9d1eb94ea3f3d6c48c8040f169.jpg]
[www.world-of-swiss.com/assets/metaimage/9e697e49f33af99a16eb2f70c47384a200bdc64ff169.jpg]
[cdn.world-of-swiss.com/assets/image/dd3368a29c6f6e134c01d6b852f8b7ed2a857c15f169.jpg]
[cdn.world-of-swiss.com/assets/image/8cc38709f64193fd765a2e9ebf7f4e6538560a7df169.jpg]
[www.world-of-swiss.com/en/swiss-cabin-crew.html]
[www.world-of-swiss.com/assets/metaimage/bcae5f9e057600cd10ab3e2c35643a2bd689f51cf169.jpg]
[cdn.world-of-swiss.com/assets/slide/91401e4fbbe9f9246d9934bc683884a77ad8ef54f169.jpg]
[cdn.world-of-swiss.com/assets/image/e2211aed51b96b978deedeef324cf68ddf3b3f60f169.jpg]
[cdn.world-of-swiss.com/assets/slide/7f161c0fe0ea558a74d573d08bd53f500579cec9f169.jpg]
[cdn.world-of-swiss.com/assets/image/f82b2622dbca8d88f5dc2ce39591cc1b31862da0f169.jpg]
[cdn.world-of-swiss.com/assets/image/1d5098547906393ce3fc5510fc71875ced3a2d2ef169.jpg]
[cdn.world-of-swiss.com/assets/image/5e18e20f8828a2387c0abf46d322d0636ba91bdcf169.jpg]
[cdn.world-of-swiss.com/assets/image/8db71bac01bae1270706681d5d80eb037838cc08f169.jpg]
[cdn.world-of-swiss.com/assets/slide/06730bc21062a157419113630adb26b4eb079e16f169.jpg]
[cdn.world-of-swiss.com/assets/image/acf9a36a318d0612cc912539c97af9768db340aaf169.jpg]
[cdn.world-of-swiss.com/assets/image/39f525c011e87c3ba2bbb3cdbf65ab4968bcdd0ff169.jpg]
[cdn.world-of-swiss.com/assets/slide/e9440d72ceefaa3d16288c4e217f48b23dbafb73f169.jpg]
[cdn.world-of-swiss.com/assets/image/6abe94a72e50ff1ca29ed736fd27c77da22bf4a3f169.jpg]
[cdn.world-of-swiss.com/assets/image/b8e780dae11b40f272d5d0aadd66714ed65daf88f169.jpg]
[cdn.world-of-swiss.com/assets/slide/6671d0546b192ec209e32fc978758724985039a9f169.jpg]
[cdn.world-of-swiss.com/assets/image/5d14d883f2f396e615800258eea5b3325fb47eaaf169.jpg]
[cdn.world-of-swiss.com/assets/image/60dd99254df827ba18cef6026205cbb1b5a981a2f169.jpg]
[cdn.world-of-swiss.com/assets/slide/7b1375d3b93a08324a84a9a6a313d5b6052dfc83f169.jpg]
[cdn.world-of-swiss.com/assets/image/c07a0f77029aea9764c834b7893863e8a957ca05f169.jpg]
[cdn.world-of-swiss.com/assets/image/2d0fc0f1e02e0842c5cccc386c74b0d66ec321f0f169.jpg]
[www.world-of-swiss.com/en/swiss-traditions.html]
[www.world-of-swiss.com/assets/metaimage/2320697a26895970f8fcd31fa7a439c26f203cadf169.jpg]
[cdn.world-of-swiss.com/assets/slide/256ae744a7b190f5b80ef2149b706fb39b0d4cddf169.png]
[cdn.world-of-swiss.com/bundles/swisssite/img/products-clouds-topf169.png]
[cdn.world-of-swiss.com/bundles/swisssite/img/products-clouds-bottomf169.png]
[www.world-of-swiss.com/en/swissness-on-board.html]
[www.world-of-swiss.com/assets/metaimage/1606c0decf8c7673f8ce4a2b27f0d0057eeaa26cf169.jpg]
[www.world-of-swiss.com/assets/metaimage/d6f08fc62ad3e18ec4e7a96432ba712cd5636b66f169.jpg]
[www.world-of-swiss.com/assets/metaimage/ca65053e124f005f12442bb44b1152d1cb4b2d4ef169.jpg]
[cdn.world-of-swiss.com/assets/poster/daabd82e74fda6de644f748835b64cad8a7a3fb8f169.jpg]
[cdn.world-of-swiss.com/assets/image/11179ebeae9268555051f95fdeaf63c3c7682aa4f169.jpg]
[cdn.world-of-swiss.com/assets/image/ed0aa0aee9cde408b24836b2870a3d7c03d65d7af169.jpg]
[cdn.world-of-swiss.com/assets/image/2adeb2f9b86f7b2b0c436ac3c235c5f86eb9184ef169.jpg]
[www.world-of-swiss.com/en/swiss-business-seat.html]
[www.world-of-swiss.com/assets/metaimage/9ea0fb06f4ba2706e0f4e3b3dde4312ad71c5cc7f169.jpg]
[www.world-of-swiss.com/assets/metaimage/adb632a159163999f863e39e03cba076158ce845f169.jpg]
[www.world-of-swiss.com/assets/metaimage/99877c2f8f3718f3487a75eeab60705c208f1a6bf169.jpg]
[cdn.world-of-swiss.com/assets/image/1e4ca77fa1d448f955a67505b98d56fa364a1286f169.jpg]
[cdn.world-of-swiss.com/assets/image/3b8ce4c186d7fa80f905dfac3d64112c77240ae0f169.jpg]
[www.world-of-swiss.com/en/swiss-over-the-alps.html]
[www.world-of-swiss.com/assets/metaimage/0ce1a471e78559432e0e1313d16afff29270beb5f169.jpg]
[www.world-of-swiss.com/assets/metaimage/92c915d7da72d5853ac3a50a3f0e9e9711ccbf18f169.jpg]
[cdn.world-of-swiss.com/assets/poster/18b639b1dc65d6ca5afedd6ef00955b2730cd9bcf169.jpg]
[cdn.world-of-swiss.com/assets/image/322ed7c686c182a54b1a81e613395bf8b38b545ef169.jpg]
[cdn.world-of-swiss.com/assets/image/a314725215cc0616788bdd28a5863678e67e34d2f169.jpg]
[www.world-of-swiss.com/en/the-swiss-cabins.html]
[www.world-of-swiss.com/assets/metaimage/00b5b4847e24e3436d708a2c52d2f720f3a49141f169.jpg]
[cdn.world-of-swiss.com/assets/slide/3e5a935a19bb64227647d4aefdd9686d8d3d93bcf169.png]
[cdn.world-of-swiss.com/bundles/swisssite/img/airplane-bg-fleetf169.jpg]
[www.world-of-swiss.com/en/airbus-a340-300.html]
[www.world-of-swiss.com/assets/metaimage/7a92344e4c5815cbafc34976f1643f50287cf2cff169.jpg]
[cdn.world-of-swiss.com/assets/slide/2cb7111727030fa71aad64b21acd54b1cadb7373f169.png]
[cdn.world-of-swiss.com/assets/slide/90df298ce7c4000701dd5b3a251a645caf69e88af169.png]
[www.world-of-swiss.com/en/airbus-a330-300.html]
[www.world-of-swiss.com/assets/metaimage/2966d0cd7c211f2e266c2f63c62fc8ff5f9ad1b0f169.jpg]
[cdn.world-of-swiss.com/assets/slide/c0b9ced1943c06d9e915d08b83b3e8654667f2def169.png]
[cdn.world-of-swiss.com/assets/slide/4e5edb45510e407c0981512b2f42693029f3cc57f169.png]
[www.world-of-swiss.com/en/airbus-a321-111.html]
[www.world-of-swiss.com/assets/metaimage/b234e53f302d294b8b3731c64d85d94d5e7322e5f169.jpg]
[cdn.world-of-swiss.com/assets/slide/026a71134ec8ab913440a70ca8ed4938f45db3daf169.png]
[www.world-of-swiss.com/en/airbus-a320-214.html]
[cdn.world-of-swiss.com/assets/image/c4f46d1e2d7d1f51db30e30f3afb99f59b90070af169.png]
[www.world-of-swiss.com/assets/metaimage/e1de19e9c14a547c43d942d30a50830cb17c2ef4f169.jpg]
[cdn.world-of-swiss.com/assets/slide/c2fe56e92335bed1c91589c3a71a5888a47d4637f169.png]
[cdn.world-of-swiss.com/assets/slide/2036650c5af13e1f40184a7ff63b6a0f9a1f103af169.png]
[www.world-of-swiss.com/en/airbus-a319-112.html]
[www.world-of-swiss.com/assets/metaimage/5d0ea98de9df4bb7cd85f55774ee57c2593dddc8f169.jpg]
[cdn.world-of-swiss.com/assets/slide/e6a75e828214ce264be0f3f2ebccf39f28027e76f169.png]
[www.world-of-swiss.com/en/avro-rj100.html]
[www.world-of-swiss.com/[%= img %].html]
[www.world-of-swiss.com/[%= item.html]
[cdn.world-of-swiss.com/bundles/swisssite/img/world3d/cloud-3f169.png]
[www.world-of-swiss.com/de/page/no-javascript.html]
[www.world-of-swiss.com/fr/page/no-javascript.html]
[www.world-of-swiss.com/it/page/no-javascript.html]
[www.world-of-swiss.com/es/page/no-javascript.html]
[www.world-of-swiss.com/pt/page/no-javascript.html]
[www.world-of-swiss.com/ru/page/no-javascript.html]
[www.world-of-swiss.com/ja/page/no-javascript.html]
[www.world-of-swiss.com/zh/page/no-javascript.html]
[cdn.world-of-swiss.com/bundles/swisssite/img/world3d/cloud-6f169.png]
[cdn.world-of-swiss.com/bundles/swisssite/img/vignetting-bl.png]
[www.world-of-swiss.com/de/page/imprint.html]
[www.world-of-swiss.com/de/swiss-cockpit.html]
[www.world-of-swiss.com/de/swiss-lounges.html]
[www.world-of-swiss.com/de/swiss-taste-of-switzerland.html]
[www.world-of-swiss.com/de/swiss-cabin-crew.html]
[www.world-of-swiss.com/assets/metaimage/2fc1d5dbf3e157825e8d4a4ca775f9cecdba0bb4f169.jpg]
[www.world-of-swiss.com/assets/metaimage/77f60241bbee0873ea5f1b1899d80ca70c54ba67f169.jpg]
[www.world-of-swiss.com/assets/metaimage/bc3320597ffde2b955e9640b78cf47493d533ef9f169.jpg]
[cdn.world-of-swiss.com/assets/poster/193d67183428c66890746aa82f4f172950830a44f169.jpg]
[www.world-of-swiss.com/de/swiss-chocolate.html]
[www.world-of-swiss.com/de/swiss-traditions.html]
[www.world-of-swiss.com/de/swissness-an-bord.html]
[www.world-of-swiss.com/de/swiss-business-seat.html]
[www.world-of-swiss.com/de/swiss-uber-den-alpen.html]
[www.world-of-swiss.com/de/die-kabine-der-swiss.html]
[www.world-of-swiss.com/de/airbus-a340-300.html]
[www.world-of-swiss.com/de/airbus-a330-300]
[www.world-of-swiss.com/de/airbus-a321-111.html]
[www.world-of-swiss.com/de/airbus-a320-214.html]
[www.world-of-swiss.com/de/airbus-a319-112.html]
[www.world-of-swiss.com/de/avro-rj100.html]
[www.world-of-swiss.com/fr/page/imprint.html]
[www.world-of-swiss.com/fr/swiss-cockpit.html]
[www.world-of-swiss.com/fr/salons-swiss.html]
[www.world-of-swiss.com/fr/swiss-taste-of-switzerland.html]
[www.world-of-swiss.com/fr/swiss-cabin-crew.html]
[www.world-of-swiss.com/fr/chocolat-suisse.html]
[www.world-of-swiss.com/fr/traditions-swiss.html]
[www.world-of-swiss.com/fr/suissitude-a-bord.html]
[www.world-of-swiss.com/fr/siege-swiss-business.html]
[www.world-of-swiss.com/fr/swiss-au-dessus-des-alpes.html]
[www.world-of-swiss.com/fr/la-cabine-de-swiss.html]
[www.world-of-swiss.com/fr/airbus-a340-300.html]
[www.world-of-swiss.com/fr/airbus-a330-300.html]
[www.world-of-swiss.com/fr/airbus-a321-111.html]
[www.world-of-swiss.com/fr/airbus-a320-214.html]
[www.world-of-swiss.com/fr/avro-rj100.html]
[www.world-of-swiss.com/it/page/imprint.html]
[www.world-of-swiss.com/it/cabina-di-pilotaggio-swiss.html]
[www.world-of-swiss.com/it/swiss-lounge.html]
[www.world-of-swiss.com/it/swiss-taste-of-switzerland.html]
[www.world-of-swiss.com/it/swiss-cabin-crew.html]
[www.world-of-swiss.com/it/cioccolata-swiss.html]
[www.world-of-swiss.com/it/swiss-traditions.html]
[www.world-of-swiss.com/it/swissness-on-board.html]
[www.world-of-swiss.com/it/swiss-business-seat.html]
[www.world-of-swiss.com/it/oltre-le-alpi-con-swiss.html]
[www.world-of-swiss.com/it/la-cabina-swiss.html]
[www.world-of-swiss.com/it/airbus-a340-300.html]
[www.world-of-swiss.com/it/airbus-a330-300.html]
[www.world-of-swiss.com/it/airbus-a321-111.html]
[www.world-of-swiss.com/it/airbus-a320-214.html]
[www.world-of-swiss.com/it/airbus-a319-112.html]
[www.world-of-swiss.com/it/avro-rj100.html]
[www.world-of-swiss.com/es/page/imprint.html]
[www.world-of-swiss.com/es/cabina-de-swiss.html]
[www.world-of-swiss.com/es/salas-vip-de-swiss.html]
[www.world-of-swiss.com/fr/airbus-a319-112]
[www.world-of-swiss.com/es/tripulacion-de-cabina-de-swiss.html]
[www.world-of-swiss.com/es/swiss-chocolate.html]
[www.world-of-swiss.com/es/tradiciones-swiss.html]
[www.world-of-swiss.com/es/helvetismo-a-bordo.html]
[www.world-of-swiss.com/es/swiss-business-seat.html]
[www.world-of-swiss.com/es/swiss-sobre-los-alpes.html]
[www.world-of-swiss.com/es/la-cabina-de-swiss.html]
[www.world-of-swiss.com/es/airbus-a340-300.html]
[www.world-of-swiss.com/es/airbus-a330-300.html]
[www.world-of-swiss.com/es/airbus-a321-111.html]
[www.world-of-swiss.com/es/airbus-a320-214.html]
[www.world-of-swiss.com/es/swiss-taste-of-switzerland]
[www.world-of-swiss.com/es/airbus-a319-112.html]
[www.world-of-swiss.com/es/avro-rj100.html]
[www.world-of-swiss.com/pt/page/imprint.html]
[www.world-of-swiss.com/pt/cockpit-da-swiss.html]
[www.world-of-swiss.com/pt/lounges-da-swiss.html]
[www.world-of-swiss.com/pt/tripulacao-de-cabine-da-swiss.html]
[www.world-of-swiss.com/pt/chocolate-swiss.html]
[www.world-of-swiss.com/pt/tradicoes-swiss.html]
[www.world-of-swiss.com/pt/carater-suico-a-bordo.html]
[www.world-of-swiss.com/pt/assento-swiss-business.html]
[www.world-of-swiss.com/pt/swiss-sobre-os-alpes.html]
[www.world-of-swiss.com/pt/a-cabine-da-swiss.html]
[www.world-of-swiss.com/pt/airbus-a340-300.html]
[www.world-of-swiss.com/pt/airbus-a330-300.html]
[www.world-of-swiss.com/pt/airbus-a321-111.html]
[www.world-of-swiss.com/pt/airbus-a320-214.html]
[www.world-of-swiss.com/pt/airbus-a319-112.html]
[www.world-of-swiss.com/pt/avro-rj100.html]
[www.world-of-swiss.com/ru/page/imprint.html]
[www.world-of-swiss.com/ru/v-kabine-pilotov-swiss.html]
[www.world-of-swiss.com/ru/zaly-ozhidaniya-swiss.html]
[www.world-of-swiss.com/ru/koncepciya-swiss-taste-of-switzerland.html]
[www.world-of-swiss.com/ru/ekipazh-swiss.html]
[www.world-of-swiss.com/ru/shokolad-swiss.html]
[www.world-of-swiss.com/ru/tradicii-swiss.html]
[www.world-of-swiss.com/ru/istinnaya-shveycarii-na-bortu-samoleta.html]
[www.world-of-swiss.com/ru/sidene-biznes-klassa-swiss.html]
[www.world-of-swiss.com/ru/swiss-nad-alpami.html]
[www.world-of-swiss.com/ru/kabina-pilotov-swiss.html]
[www.world-of-swiss.com/ru/airbus-a340-300.html]
[www.world-of-swiss.com/ru/airbus-a330-300.html]
[www.world-of-swiss.com/ru/airbus-a321-111.html]
[www.world-of-swiss.com/ru/airbus-a320-214.html]
[www.world-of-swiss.com/ru/airbus-a319-112.html]
[www.world-of-swiss.com/pt/swiss-taste-of-switzerland]
[www.world-of-swiss.com/ru/avro-rj100.html]
[www.world-of-swiss.com/ja/page/imprint.html]
[www.world-of-swiss.com/ja/swiss-kotukupituto.html]
[www.world-of-swiss.com/ja/swissraunzi.html]
[www.world-of-swiss.com/ja/swiss-ke-shi-cheng-wu-yuan.html]
[www.world-of-swiss.com/ja/swisstiyokoreto.html]
[www.world-of-swiss.com/ja/swissnochuan-tong.html]
[www.world-of-swiss.com/ja/ji-nei-nosuisurasisa.html]
[www.world-of-swiss.com/ja/swiss-bizinesusito.html]
[www.world-of-swiss.com/ja/arupusunoshang-noswiss.html]
[www.world-of-swiss.com/ja/swissnoke-shi.html]
[www.world-of-swiss.com/ja/eabasu-a340-300.html]
[www.world-of-swiss.com/ja/eabasu-a330-300.html]
[www.world-of-swiss.com/ja/eabasu-a321-111.html]
[www.world-of-swiss.com/ja/eabasua320-214.html]
[www.world-of-swiss.com/ja/eabasu-a319-112.html]
[www.world-of-swiss.com/ja/aburo-rj100.html]
[www.world-of-swiss.com/zh/page/imprint.html]
[www.world-of-swiss.com/zh/rui-hang-jia-shi-cang.html]
[www.world-of-swiss.com/zh/rui-hang-hou-ji-shi.html]
[www.world-of-swiss.com/ja/swiss-suisunowei-jue]
[www.world-of-swiss.com/zh/rui-hang-kong-cheng.html]
[www.world-of-swiss.com/zh/rui-shi-qiao-ke-li.html]
[www.world-of-swiss.com/zh/rui-hang-chuan-tong.html]
[www.world-of-swiss.com/zh/ji-cang-zhong-de-rui-hang-te-se.html]
[www.world-of-swiss.com/zh/rui-hang-shang-wu-zuo-yi.html]
[www.world-of-swiss.com/zh/rui-hang-fei-yue-a-er-bei-si-shan.html]
[www.world-of-swiss.com/zh/rui-hang-ke-cang.html]
[www.world-of-swiss.com/zh/kong-ke-a340-300.html]
[www.world-of-swiss.com/zh/kong-ke-a330-300.html]
[www.world-of-swiss.com/zh/kong-ke-a321-111.html]
[www.world-of-swiss.com/zh/kong-ke-a320-214.html]
[www.world-of-swiss.com/zh/kong-ke-a319-112.html]
[www.world-of-swiss.com/zh/avro-rj100.html]
[www.world-of-swiss.com/zh/rui-hang-pin-wei-rui-shi]
[cdn.world-of-swiss.com/bundles/swisssite/img/transparentf169.png]
[cdn.world-of-swiss.com/assets/image/cef2a861f3bc055eec6df3541710a54143a9f789f169.jpg]
[cdn.world-of-swiss.com/assets/poster/0d1ff57b72910b04a45de21a5524afeb4db2d08cf169.jpg]
[cdn.world-of-swiss.com/assets/image/6457dd6a5477c0316525148b6db954215445d9dff169.jpg]
[cdn.world-of-swiss.com/assets/image/3cff64d2c9d8c9454a36f864e922962fb0b5bbd2f169.jpg]
[cdn.world-of-swiss.com/assets/image/f5487517da466493ad72e8ab6f933dddc67fa8ebf169.jpg]
[www.world-of-swiss.com/en/swiss-chocolate]
[cdn.world-of-swiss.com/assets/image/e16567a2a10a4baa0bed1cdd4de3a9dea651f398f169.jpg]
[cdn.world-of-swiss.com/assets/image/6ebab3e65f5464378b49dbcc7abfe78d75bcbac2f169.jpg]
[www.world-of-swiss.com/assets/metaimage/4fea9cbba8ff1c03ed4d4920d0929c2e06a9fbcef169.jpg]
[cdn.world-of-swiss.com/assets/image/bdda80a6f2cf365afeca18b26da15e68b6628817f169.jpg]
[cdn.world-of-swiss.com/assets/slide/dd090f8b04eadd37a56971ef2d6380f5deb22d8df169.png]
[www.world-of-swiss.com/de/airbus-a330-300]
[cdn.world-of-swiss.com/assets/slide/58b77486835c8634001058b140c89652c56c683af169.png]
[www.world-of-swiss.com/fr/airbus-a319-112]
[www.world-of-swiss.com/es/swiss-taste-of-switzerland]
[www.world-of-swiss.com/pt/swiss-taste-of-switzerland]
[www.world-of-swiss.com/ja/swiss-suisunowei-jue]
[www.world-of-swiss.com/zh/rui-hang-pin-wei-rui-shi]
[cdn.world-of-swiss.com/assets/poster/1f30004044e6967ae3268470d9349934891cc28ef169.jpg]
[www.world-of-swiss.com/en/swiss-chocolate]
[cdn.world-of-swiss.com/assets/poster/0b3a611d02f78533ac3f27ccead71988666fcdd6f169.jpg]
[cdn.world-of-swiss.com/assets/image/07fdb7ef2ed34fa187ae77487545b26449c562caf169.jpg]
[cdn.world-of-swiss.com/assets/slide/167e2c9e70aca89fe2fdfba03e453aee65fd7c4df169.png]
[cdn.world-of-swiss.com/assets/slide/e81dcc5d2d377b49a63e42eac9cda7261021a12af169.jpg]
[cdn.world-of-swiss.com/assets/image/97f0be99f2ba5b361c916c35c9a0682db7a76975f169.jpg]
